// Jest Snapshot v1, https://goo.gl/fbAQLP

exports[`<SingleItem/> Errors with a No item found 1`] = `
<p
  data-test="graphql-error"
>
  <strong>
    Shoot!
  </strong>
  No item found for
</p>
`;

exports[`<SingleItem/> render with proper data 1`] = `
<h2>
  Viewing 
  dogs are best
</h2>
`;

exports[`<SingleItem/> render with proper data 2`] = `
<img
  alt="dogs are best"
  src="dog.jpg"
/>
`;

exports[`<SingleItem/> render with proper data 3`] = `
<p>
  dogs
</p>
`;
